// Jest Snapshot v1, https://goo.gl/fbAQLP

exports[`transform top-level page with the correct type top-level entry page 1`] = `
Object {
  "pageData": Object {
    "contents": Array [
      Object {
        "alive": true,
        "content": Array [
          "02b2c69e-a3e0-45bd-bdc3-1a3999eef81b",
          "9dbc15fa-195a-4b69-8b7b-f20ff1d6544c",
        ],
        "created_by_id": "cdfe101e-2758-4d24-ac9c-b62ab4f7e9c2",
        "created_by_table": "notion_user",
        "created_time": 1650250620000,
        "id": "302cee25-3cf0-4036-a518-b28185472582",
        "last_edited_by_id": "cdfe101e-2758-4d24-ac9c-b62ab4f7e9c2",
        "last_edited_by_table": "notion_user",
        "last_edited_time": 1651040400000,
        "parent_id": "1cf6f82e-ffc2-4ad4-aea5-a50f88198a7b",
        "parent_table": "block",
        "properties": Object {
          "title": Array [
            Array [
              "Test post with custom upload image.",
            ],
          ],
        },
        "space_id": "f2ae8a7d-484c-4fc5-aca1-187de317cdf1",
        "type": "text",
        "version": 41,
      },
      Object {
        "alive": true,
        "created_by_id": "cdfe101e-2758-4d24-ac9c-b62ab4f7e9c2",
        "created_by_table": "notion_user",
        "created_time": 1651040400000,
        "format": Object {
          "block_color": "red",
        },
        "id": "02b2c69e-a3e0-45bd-bdc3-1a3999eef81b",
        "last_edited_by_id": "cdfe101e-2758-4d24-ac9c-b62ab4f7e9c2",
        "last_edited_by_table": "notion_user",
        "last_edited_time": 1651308480000,
        "parent_id": "302cee25-3cf0-4036-a518-b28185472582",
        "parent_table": "block",
        "properties": Object {
          "title": Array [
            Array [
              "nested paragraph block ",
            ],
            Array [
              "—> not supported",
              Array [
                Array [
                  "b",
                ],
              ],
            ],
          ],
        },
        "space_id": "f2ae8a7d-484c-4fc5-aca1-187de317cdf1",
        "type": "text",
        "version": 86,
      },
      Object {
        "alive": true,
        "created_by_id": "cdfe101e-2758-4d24-ac9c-b62ab4f7e9c2",
        "created_by_table": "notion_user",
        "created_time": 1651040400000,
        "id": "9dbc15fa-195a-4b69-8b7b-f20ff1d6544c",
        "last_edited_by_id": "cdfe101e-2758-4d24-ac9c-b62ab4f7e9c2",
        "last_edited_by_table": "notion_user",
        "last_edited_time": 1651040460000,
        "parent_id": "302cee25-3cf0-4036-a518-b28185472582",
        "parent_table": "block",
        "properties": Object {
          "title": Array [
            Array [
              "At vero eos et accusamus et iusto odio dignissimos ducimus qui blanditiis praesentium voluptatum deleniti atque corrupti quos dolores et quas molestias excepturi sint occaecati cupiditate non provident, similique sunt in culpa qui officia deserunt mollitia animi, id est laborum et dolorum fuga.",
            ],
          ],
        },
        "space_id": "f2ae8a7d-484c-4fc5-aca1-187de317cdf1",
        "type": "text",
        "version": 7,
      },
      Object {
        "alive": true,
        "created_by_id": "cdfe101e-2758-4d24-ac9c-b62ab4f7e9c2",
        "created_by_table": "notion_user",
        "created_time": 1651040400000,
        "id": "79894a88-f00a-41b6-9340-4af5c52a3237",
        "last_edited_by_id": "cdfe101e-2758-4d24-ac9c-b62ab4f7e9c2",
        "last_edited_by_table": "notion_user",
        "last_edited_time": 1651040580000,
        "parent_id": "1cf6f82e-ffc2-4ad4-aea5-a50f88198a7b",
        "parent_table": "block",
        "properties": Object {
          "title": Array [
            Array [
              "Back to regular paragraph now.",
            ],
          ],
        },
        "space_id": "f2ae8a7d-484c-4fc5-aca1-187de317cdf1",
        "type": "text",
        "version": 42,
      },
      Object {
        "alive": true,
        "created_by_id": "cdfe101e-2758-4d24-ac9c-b62ab4f7e9c2",
        "created_by_table": "notion_user",
        "created_time": 1651040630303,
        "id": "857b5151-0335-4927-a28f-8ae468f16bf9",
        "last_edited_by_id": "cdfe101e-2758-4d24-ac9c-b62ab4f7e9c2",
        "last_edited_by_table": "notion_user",
        "last_edited_time": 1651040640000,
        "parent_id": "1cf6f82e-ffc2-4ad4-aea5-a50f88198a7b",
        "parent_table": "block",
        "properties": Object {
          "title": Array [
            Array [
              "The problem with quotes found on the internet is that they are often not true.
— Abraham Lincoln",
            ],
          ],
        },
        "space_id": "f2ae8a7d-484c-4fc5-aca1-187de317cdf1",
        "type": "quote",
        "version": 114,
      },
      Object {
        "alive": true,
        "created_by_id": "cdfe101e-2758-4d24-ac9c-b62ab4f7e9c2",
        "created_by_table": "notion_user",
        "created_time": 1651922520000,
        "id": "a069ca88-636f-4381-af2d-aa4ff75e2b03",
        "last_edited_by_id": "cdfe101e-2758-4d24-ac9c-b62ab4f7e9c2",
        "last_edited_by_table": "notion_user",
        "last_edited_time": 1651922520000,
        "parent_id": "1cf6f82e-ffc2-4ad4-aea5-a50f88198a7b",
        "parent_table": "block",
        "space_id": "f2ae8a7d-484c-4fc5-aca1-187de317cdf1",
        "type": "text",
        "version": 33,
      },
      Object {
        "alive": true,
        "created_by_id": "cdfe101e-2758-4d24-ac9c-b62ab4f7e9c2",
        "created_by_table": "notion_user",
        "created_time": 1651922530176,
        "format": Object {
          "display_source": "https://images.unsplash.com/photo-1501820488136-72669149e0d4?ixlib=rb-1.2.1&q=85&fm=jpg&crop=entropy&cs=srgb",
        },
        "id": "67f6ad56-0840-48da-afb5-8fa5eeb38561",
        "last_edited_by_id": "cdfe101e-2758-4d24-ac9c-b62ab4f7e9c2",
        "last_edited_by_table": "notion_user",
        "last_edited_time": 1651922760000,
        "parent_id": "1cf6f82e-ffc2-4ad4-aea5-a50f88198a7b",
        "parent_table": "block",
        "properties": Object {
          "caption": Array [
            Array [
              "Photo by Paul Hanaoka on Unsplash",
            ],
          ],
          "source": Array [
            Array [
              "https://images.unsplash.com/photo-1501820488136-72669149e0d4?ixlib=rb-1.2.1&q=85&fm=jpg&crop=entropy&cs=srgb",
            ],
          ],
        },
        "space_id": "f2ae8a7d-484c-4fc5-aca1-187de317cdf1",
        "type": "image",
        "version": 40,
      },
      Object {
        "alive": true,
        "created_by_id": "cdfe101e-2758-4d24-ac9c-b62ab4f7e9c2",
        "created_by_table": "notion_user",
        "created_time": 1651922760000,
        "id": "2e10b8bc-10cc-4aa8-afac-3cf910b00dd3",
        "last_edited_by_id": "cdfe101e-2758-4d24-ac9c-b62ab4f7e9c2",
        "last_edited_by_table": "notion_user",
        "last_edited_time": 1651922760000,
        "parent_id": "1cf6f82e-ffc2-4ad4-aea5-a50f88198a7b",
        "parent_table": "block",
        "space_id": "f2ae8a7d-484c-4fc5-aca1-187de317cdf1",
        "type": "text",
        "version": 6,
      },
      Object {
        "alive": true,
        "content": Array [
          "0f37dc37-b7f0-4adb-a7ad-2f991851cb8b",
          "9a023b03-6e7d-43f9-9d52-ea5387c1bd12",
        ],
        "created_by_id": "cdfe101e-2758-4d24-ac9c-b62ab4f7e9c2",
        "created_by_table": "notion_user",
        "created_time": 1651923180000,
        "id": "14c6292d-f91f-4302-9854-7932dbd419a9",
        "last_edited_by_id": "cdfe101e-2758-4d24-ac9c-b62ab4f7e9c2",
        "last_edited_by_table": "notion_user",
        "last_edited_time": 1651923180000,
        "parent_id": "1cf6f82e-ffc2-4ad4-aea5-a50f88198a7b",
        "parent_table": "block",
        "space_id": "f2ae8a7d-484c-4fc5-aca1-187de317cdf1",
        "type": "column_list",
        "version": 5,
      },
      Object {
        "alive": true,
        "content": Array [
          "d6f160b8-eab6-4830-8bd8-c5aa512b8495",
        ],
        "created_by_id": "cdfe101e-2758-4d24-ac9c-b62ab4f7e9c2",
        "created_by_table": "notion_user",
        "created_time": 1651923180000,
        "format": Object {
          "column_ratio": 0.5,
        },
        "id": "0f37dc37-b7f0-4adb-a7ad-2f991851cb8b",
        "last_edited_by_id": "cdfe101e-2758-4d24-ac9c-b62ab4f7e9c2",
        "last_edited_by_table": "notion_user",
        "last_edited_time": 1651923180000,
        "parent_id": "14c6292d-f91f-4302-9854-7932dbd419a9",
        "parent_table": "block",
        "space_id": "f2ae8a7d-484c-4fc5-aca1-187de317cdf1",
        "type": "column",
        "version": 5,
      },
      Object {
        "alive": true,
        "content": Array [
          "83a2a16b-f22b-44fd-b0a2-2b9fbe5400da",
        ],
        "created_by_id": "cdfe101e-2758-4d24-ac9c-b62ab4f7e9c2",
        "created_by_table": "notion_user",
        "created_time": 1651923180000,
        "format": Object {
          "column_ratio": 0.5,
        },
        "id": "9a023b03-6e7d-43f9-9d52-ea5387c1bd12",
        "last_edited_by_id": "cdfe101e-2758-4d24-ac9c-b62ab4f7e9c2",
        "last_edited_by_table": "notion_user",
        "last_edited_time": 1651923180000,
        "parent_id": "14c6292d-f91f-4302-9854-7932dbd419a9",
        "parent_table": "block",
        "space_id": "f2ae8a7d-484c-4fc5-aca1-187de317cdf1",
        "type": "column",
        "version": 5,
      },
      Object {
        "alive": true,
        "created_by_id": "cdfe101e-2758-4d24-ac9c-b62ab4f7e9c2",
        "created_by_table": "notion_user",
        "created_time": 1651922760000,
        "id": "d6f160b8-eab6-4830-8bd8-c5aa512b8495",
        "last_edited_by_id": "cdfe101e-2758-4d24-ac9c-b62ab4f7e9c2",
        "last_edited_by_table": "notion_user",
        "last_edited_time": 1651923180000,
        "parent_id": "0f37dc37-b7f0-4adb-a7ad-2f991851cb8b",
        "parent_table": "block",
        "properties": Object {
          "title": Array [
            Array [
              "another image",
            ],
          ],
        },
        "space_id": "f2ae8a7d-484c-4fc5-aca1-187de317cdf1",
        "type": "text",
        "version": 19,
      },
      Object {
        "alive": true,
        "created_by_id": "cdfe101e-2758-4d24-ac9c-b62ab4f7e9c2",
        "created_by_table": "notion_user",
        "created_time": 1651922796986,
        "format": Object {
          "display_source": "https://web-dev.imgix.net/image/KT4TDYaWOHYfN59zz6Rc0X4k4MH3/aX6PmKj8pQudiWgt4x31.png",
        },
        "id": "83a2a16b-f22b-44fd-b0a2-2b9fbe5400da",
        "last_edited_by_id": "cdfe101e-2758-4d24-ac9c-b62ab4f7e9c2",
        "last_edited_by_table": "notion_user",
        "last_edited_time": 1651923180000,
        "parent_id": "9a023b03-6e7d-43f9-9d52-ea5387c1bd12",
        "parent_table": "block",
        "properties": Object {
          "caption": Array [
            Array [
              "Image from web.dev",
            ],
          ],
          "source": Array [
            Array [
              "https://web-dev.imgix.net/image/KT4TDYaWOHYfN59zz6Rc0X4k4MH3/aX6PmKj8pQudiWgt4x31.png",
            ],
          ],
        },
        "space_id": "f2ae8a7d-484c-4fc5-aca1-187de317cdf1",
        "type": "image",
        "version": 28,
      },
      Object {
        "alive": true,
        "created_by_id": "cdfe101e-2758-4d24-ac9c-b62ab4f7e9c2",
        "created_by_table": "notion_user",
        "created_time": 1651922280000,
        "id": "95f0f375-b251-44ba-b561-c320a15e0a22",
        "last_edited_by_id": "cdfe101e-2758-4d24-ac9c-b62ab4f7e9c2",
        "last_edited_by_table": "notion_user",
        "last_edited_time": 1651922280000,
        "parent_id": "1cf6f82e-ffc2-4ad4-aea5-a50f88198a7b",
        "parent_table": "block",
        "space_id": "f2ae8a7d-484c-4fc5-aca1-187de317cdf1",
        "type": "text",
        "version": 5,
      },
      Object {
        "alive": true,
        "created_by_id": "cdfe101e-2758-4d24-ac9c-b62ab4f7e9c2",
        "created_by_table": "notion_user",
        "created_time": 1651040640000,
        "id": "fd42e074-5f72-4c6f-8653-4a28629dbf7a",
        "last_edited_by_id": "cdfe101e-2758-4d24-ac9c-b62ab4f7e9c2",
        "last_edited_by_table": "notion_user",
        "last_edited_time": 1651922280000,
        "parent_id": "1cf6f82e-ffc2-4ad4-aea5-a50f88198a7b",
        "parent_table": "block",
        "properties": Object {
          "title": Array [
            Array [
              "Nested list item:",
            ],
          ],
        },
        "space_id": "f2ae8a7d-484c-4fc5-aca1-187de317cdf1",
        "type": "text",
        "version": 2,
      },
      Object {
        "alive": true,
        "content": Array [
          "db6aa217-bb81-4013-b058-d4658725c9ef",
          "54ad2e87-a953-4892-9f6a-d6541686fdec",
          "1b34f483-3a00-4c6e-91f4-d3415a9c9730",
        ],
        "created_by_id": "cdfe101e-2758-4d24-ac9c-b62ab4f7e9c2",
        "created_by_table": "notion_user",
        "created_time": 1651040700000,
        "id": "ea7ff374-1338-48d7-8a16-2dfe6b03a57a",
        "last_edited_by_id": "cdfe101e-2758-4d24-ac9c-b62ab4f7e9c2",
        "last_edited_by_table": "notion_user",
        "last_edited_time": 1651040820000,
        "parent_id": "1cf6f82e-ffc2-4ad4-aea5-a50f88198a7b",
        "parent_table": "block",
        "properties": Object {
          "title": Array [
            Array [
              "dessert",
            ],
          ],
        },
        "space_id": "f2ae8a7d-484c-4fc5-aca1-187de317cdf1",
        "type": "bulleted_list",
        "version": 36,
      },
      Object {
        "alive": true,
        "created_by_id": "cdfe101e-2758-4d24-ac9c-b62ab4f7e9c2",
        "created_by_table": "notion_user",
        "created_time": 1651040760000,
        "id": "db6aa217-bb81-4013-b058-d4658725c9ef",
        "last_edited_by_id": "cdfe101e-2758-4d24-ac9c-b62ab4f7e9c2",
        "last_edited_by_table": "notion_user",
        "last_edited_time": 1651040760000,
        "parent_id": "ea7ff374-1338-48d7-8a16-2dfe6b03a57a",
        "parent_table": "block",
        "properties": Object {
          "title": Array [
            Array [
              "cake",
            ],
          ],
        },
        "space_id": "f2ae8a7d-484c-4fc5-aca1-187de317cdf1",
        "type": "bulleted_list",
        "version": 15,
      },
      Object {
        "alive": true,
        "content": Array [
          "39aa0802-cef7-431e-98a0-0a024d6adb53",
          "198c0bb0-d2b8-42bb-9d62-85a04d2ab818",
        ],
        "created_by_id": "cdfe101e-2758-4d24-ac9c-b62ab4f7e9c2",
        "created_by_table": "notion_user",
        "created_time": 1651040760000,
        "id": "54ad2e87-a953-4892-9f6a-d6541686fdec",
        "last_edited_by_id": "cdfe101e-2758-4d24-ac9c-b62ab4f7e9c2",
        "last_edited_by_table": "notion_user",
        "last_edited_time": 1651040820000,
        "parent_id": "ea7ff374-1338-48d7-8a16-2dfe6b03a57a",
        "parent_table": "block",
        "properties": Object {
          "title": Array [
            Array [
              "pie",
            ],
          ],
        },
        "space_id": "f2ae8a7d-484c-4fc5-aca1-187de317cdf1",
        "type": "bulleted_list",
        "version": 13,
      },
      Object {
        "alive": true,
        "created_by_id": "cdfe101e-2758-4d24-ac9c-b62ab4f7e9c2",
        "created_by_table": "notion_user",
        "created_time": 1651040820000,
        "id": "39aa0802-cef7-431e-98a0-0a024d6adb53",
        "last_edited_by_id": "cdfe101e-2758-4d24-ac9c-b62ab4f7e9c2",
        "last_edited_by_table": "notion_user",
        "last_edited_time": 1651040820000,
        "parent_id": "54ad2e87-a953-4892-9f6a-d6541686fdec",
        "parent_table": "block",
        "properties": Object {
          "title": Array [
            Array [
              "apple pie",
            ],
          ],
        },
        "space_id": "f2ae8a7d-484c-4fc5-aca1-187de317cdf1",
        "type": "bulleted_list",
        "version": 13,
      },
      Object {
        "alive": true,
        "created_by_id": "cdfe101e-2758-4d24-ac9c-b62ab4f7e9c2",
        "created_by_table": "notion_user",
        "created_time": 1651040820000,
        "id": "198c0bb0-d2b8-42bb-9d62-85a04d2ab818",
        "last_edited_by_id": "cdfe101e-2758-4d24-ac9c-b62ab4f7e9c2",
        "last_edited_by_table": "notion_user",
        "last_edited_time": 1651040820000,
        "parent_id": "54ad2e87-a953-4892-9f6a-d6541686fdec",
        "parent_table": "block",
        "properties": Object {
          "title": Array [
            Array [
              "blueberry pie",
            ],
          ],
        },
        "space_id": "f2ae8a7d-484c-4fc5-aca1-187de317cdf1",
        "type": "bulleted_list",
        "version": 17,
      },
      Object {
        "alive": true,
        "created_by_id": "cdfe101e-2758-4d24-ac9c-b62ab4f7e9c2",
        "created_by_table": "notion_user",
        "created_time": 1651040760000,
        "id": "1b34f483-3a00-4c6e-91f4-d3415a9c9730",
        "last_edited_by_id": "cdfe101e-2758-4d24-ac9c-b62ab4f7e9c2",
        "last_edited_by_table": "notion_user",
        "last_edited_time": 1651040760000,
        "parent_id": "ea7ff374-1338-48d7-8a16-2dfe6b03a57a",
        "parent_table": "block",
        "properties": Object {
          "title": Array [
            Array [
              "pastry",
            ],
          ],
        },
        "space_id": "f2ae8a7d-484c-4fc5-aca1-187de317cdf1",
        "type": "bulleted_list",
        "version": 10,
      },
      Object {
        "alive": true,
        "content": Array [
          "def985e1-1ff2-4de9-b876-dacdbe3fed46",
          "bda69ae0-e1de-4765-a8b9-c6f41a88f382",
          "b14260ce-f072-49cb-92cc-11bcb6c7519e",
        ],
        "created_by_id": "cdfe101e-2758-4d24-ac9c-b62ab4f7e9c2",
        "created_by_table": "notion_user",
        "created_time": 1651040700000,
        "id": "a682d78f-d898-4a21-9738-ae21b16a1d33",
        "last_edited_by_id": "cdfe101e-2758-4d24-ac9c-b62ab4f7e9c2",
        "last_edited_by_table": "notion_user",
        "last_edited_time": 1651057380000,
        "parent_id": "1cf6f82e-ffc2-4ad4-aea5-a50f88198a7b",
        "parent_table": "block",
        "properties": Object {
          "title": Array [
            Array [
              "appetizer",
            ],
          ],
        },
        "space_id": "f2ae8a7d-484c-4fc5-aca1-187de317cdf1",
        "type": "bulleted_list",
        "version": 27,
      },
      Object {
        "alive": true,
        "created_by_id": "cdfe101e-2758-4d24-ac9c-b62ab4f7e9c2",
        "created_by_table": "notion_user",
        "created_time": 1651040820000,
        "id": "def985e1-1ff2-4de9-b876-dacdbe3fed46",
        "last_edited_by_id": "cdfe101e-2758-4d24-ac9c-b62ab4f7e9c2",
        "last_edited_by_table": "notion_user",
        "last_edited_time": 1651040820000,
        "parent_id": "a682d78f-d898-4a21-9738-ae21b16a1d33",
        "parent_table": "block",
        "properties": Object {
          "title": Array [
            Array [
              "garlic bread",
            ],
          ],
        },
        "space_id": "f2ae8a7d-484c-4fc5-aca1-187de317cdf1",
        "type": "bulleted_list",
        "version": 18,
      },
      Object {
        "alive": true,
        "created_by_id": "cdfe101e-2758-4d24-ac9c-b62ab4f7e9c2",
        "created_by_table": "notion_user",
        "created_time": 1651040820000,
        "id": "bda69ae0-e1de-4765-a8b9-c6f41a88f382",
        "last_edited_by_id": "cdfe101e-2758-4d24-ac9c-b62ab4f7e9c2",
        "last_edited_by_table": "notion_user",
        "last_edited_time": 1651040820000,
        "parent_id": "a682d78f-d898-4a21-9738-ae21b16a1d33",
        "parent_table": "block",
        "properties": Object {
          "title": Array [
            Array [
              "onion rings",
            ],
          ],
        },
        "space_id": "f2ae8a7d-484c-4fc5-aca1-187de317cdf1",
        "type": "bulleted_list",
        "version": 15,
      },
      Object {
        "alive": true,
        "created_by_id": "cdfe101e-2758-4d24-ac9c-b62ab4f7e9c2",
        "created_by_table": "notion_user",
        "created_time": 1651040820000,
        "id": "b14260ce-f072-49cb-92cc-11bcb6c7519e",
        "last_edited_by_id": "cdfe101e-2758-4d24-ac9c-b62ab4f7e9c2",
        "last_edited_by_table": "notion_user",
        "last_edited_time": 1651040820000,
        "parent_id": "a682d78f-d898-4a21-9738-ae21b16a1d33",
        "parent_table": "block",
        "properties": Object {
          "title": Array [
            Array [
              "chip & dip",
            ],
          ],
        },
        "space_id": "f2ae8a7d-484c-4fc5-aca1-187de317cdf1",
        "type": "bulleted_list",
        "version": 14,
      },
      Object {
        "alive": true,
        "created_by_id": "cdfe101e-2758-4d24-ac9c-b62ab4f7e9c2",
        "created_by_table": "notion_user",
        "created_time": 1651057380000,
        "id": "1d224eaf-1c4c-40e2-9912-735e2f0bf0ed",
        "last_edited_by_id": "cdfe101e-2758-4d24-ac9c-b62ab4f7e9c2",
        "last_edited_by_table": "notion_user",
        "last_edited_time": 1651057440000,
        "parent_id": "1cf6f82e-ffc2-4ad4-aea5-a50f88198a7b",
        "parent_table": "block",
        "space_id": "f2ae8a7d-484c-4fc5-aca1-187de317cdf1",
        "type": "divider",
        "version": 38,
      },
      Object {
        "alive": true,
        "created_by_id": "cdfe101e-2758-4d24-ac9c-b62ab4f7e9c2",
        "created_by_table": "notion_user",
        "created_time": 1651057380000,
        "id": "1296a3a7-06ba-43cc-aed4-90f31b3f7d85",
        "last_edited_by_id": "cdfe101e-2758-4d24-ac9c-b62ab4f7e9c2",
        "last_edited_by_table": "notion_user",
        "last_edited_time": 1651057440000,
        "parent_id": "1cf6f82e-ffc2-4ad4-aea5-a50f88198a7b",
        "parent_table": "block",
        "properties": Object {
          "title": Array [
            Array [
              "asdasdasd",
            ],
          ],
        },
        "space_id": "f2ae8a7d-484c-4fc5-aca1-187de317cdf1",
        "type": "text",
        "version": 17,
      },
      Object {
        "alive": true,
        "created_by_id": "cdfe101e-2758-4d24-ac9c-b62ab4f7e9c2",
        "created_by_table": "notion_user",
        "created_time": 1651057852879,
        "format": Object {
          "block_aspect_ratio": 0.5620608899297423,
          "block_full_width": false,
          "block_page_width": true,
          "block_preserve_scale": true,
          "block_width": 854,
          "display_source": "https://www.youtube.com/embed/UBcVbAFntQo?feature=oembed",
        },
        "id": "8123ab2d-9088-4a72-abc9-1d7a4bcab292",
        "last_edited_by_id": "cdfe101e-2758-4d24-ac9c-b62ab4f7e9c2",
        "last_edited_by_table": "notion_user",
        "last_edited_time": 1651057800000,
        "parent_id": "1cf6f82e-ffc2-4ad4-aea5-a50f88198a7b",
        "parent_table": "block",
        "properties": Object {
          "source": Array [
            Array [
              "https://www.youtube.com/watch?v=UBcVbAFntQo",
            ],
          ],
        },
        "space_id": "f2ae8a7d-484c-4fc5-aca1-187de317cdf1",
        "type": "video",
        "version": 6,
      },
      Object {
        "alive": true,
        "created_by_id": "cdfe101e-2758-4d24-ac9c-b62ab4f7e9c2",
        "created_by_table": "notion_user",
        "created_time": 1651059000000,
        "id": "0588e349-5e26-40f0-b791-54618c4f285b",
        "last_edited_by_id": "cdfe101e-2758-4d24-ac9c-b62ab4f7e9c2",
        "last_edited_by_table": "notion_user",
        "last_edited_time": 1651059000000,
        "parent_id": "1cf6f82e-ffc2-4ad4-aea5-a50f88198a7b",
        "parent_table": "block",
        "space_id": "f2ae8a7d-484c-4fc5-aca1-187de317cdf1",
        "type": "text",
        "version": 5,
      },
      Object {
        "alive": true,
        "created_by_id": "cdfe101e-2758-4d24-ac9c-b62ab4f7e9c2",
        "created_by_table": "notion_user",
        "created_time": 1651059031335,
        "format": Object {
          "bookmark_cover": "https://astro.build/social.png",
          "bookmark_icon": "https://astro.build/favicon.ico",
        },
        "id": "de262a61-76c8-476c-a22a-60ebecca7f78",
        "last_edited_by_id": "cdfe101e-2758-4d24-ac9c-b62ab4f7e9c2",
        "last_edited_by_table": "notion_user",
        "last_edited_time": 1651059000000,
        "parent_id": "1cf6f82e-ffc2-4ad4-aea5-a50f88198a7b",
        "parent_table": "block",
        "properties": Object {
          "description": Array [
            Array [
              "Developers around the world rely on Astro Astro natively supports every popular framework-you can even mix and match! Rebuilt my Next.js blog using Astro out of curiosity... holy shit the difference in bundle size. Learn more about Astro, get support, and meet thousands of other devs in our Discord community!",
            ],
          ],
          "link": Array [
            Array [
              "https://astro.build",
            ],
          ],
          "title": Array [
            Array [
              "Astro",
            ],
          ],
        },
        "space_id": "f2ae8a7d-484c-4fc5-aca1-187de317cdf1",
        "type": "bookmark",
        "version": 7,
      },
      Object {
        "alive": true,
        "created_by_id": "cdfe101e-2758-4d24-ac9c-b62ab4f7e9c2",
        "created_by_table": "notion_user",
        "created_time": 1651059000000,
        "id": "fe38b439-b4a2-488d-aa15-b71905568ab7",
        "last_edited_by_id": "cdfe101e-2758-4d24-ac9c-b62ab4f7e9c2",
        "last_edited_by_table": "notion_user",
        "last_edited_time": 1651059000000,
        "parent_id": "1cf6f82e-ffc2-4ad4-aea5-a50f88198a7b",
        "parent_table": "block",
        "space_id": "f2ae8a7d-484c-4fc5-aca1-187de317cdf1",
        "type": "text",
        "version": 4,
      },
      Object {
        "alive": true,
        "created_by_id": "cdfe101e-2758-4d24-ac9c-b62ab4f7e9c2",
        "created_by_table": "notion_user",
        "created_time": 1651057800000,
        "id": "98e55c66-16c7-47f1-b3ca-c81e1661eca4",
        "last_edited_by_id": "cdfe101e-2758-4d24-ac9c-b62ab4f7e9c2",
        "last_edited_by_table": "notion_user",
        "last_edited_time": 1651059360000,
        "parent_id": "1cf6f82e-ffc2-4ad4-aea5-a50f88198a7b",
        "parent_table": "block",
        "properties": Object {
          "title": Array [
            Array [
              "check code block",
            ],
          ],
        },
        "space_id": "f2ae8a7d-484c-4fc5-aca1-187de317cdf1",
        "type": "text",
        "version": 32,
      },
      Object {
        "alive": true,
        "created_by_id": "cdfe101e-2758-4d24-ac9c-b62ab4f7e9c2",
        "created_by_table": "notion_user",
        "created_time": 1651059420000,
        "id": "fa379d1c-f139-47ec-aa13-30c8d1fc0dc5",
        "last_edited_by_id": "cdfe101e-2758-4d24-ac9c-b62ab4f7e9c2",
        "last_edited_by_table": "notion_user",
        "last_edited_time": 1651059420000,
        "parent_id": "1cf6f82e-ffc2-4ad4-aea5-a50f88198a7b",
        "parent_table": "block",
        "space_id": "f2ae8a7d-484c-4fc5-aca1-187de317cdf1",
        "type": "text",
        "version": 4,
      },
      Object {
        "alive": true,
        "created_by_id": "cdfe101e-2758-4d24-ac9c-b62ab4f7e9c2",
        "created_by_table": "notion_user",
        "created_time": 1651059420000,
        "id": "9de3ab6d-c248-4d7a-ac35-e61c72f7e158",
        "last_edited_by_id": "cdfe101e-2758-4d24-ac9c-b62ab4f7e9c2",
        "last_edited_by_table": "notion_user",
        "last_edited_time": 1651059420000,
        "parent_id": "1cf6f82e-ffc2-4ad4-aea5-a50f88198a7b",
        "parent_table": "block",
        "properties": Object {
          "language": Array [
            Array [
              "JavaScript",
            ],
          ],
          "title": Array [
            Array [
              "const foo = \\"bar\\";

function sayHello(name = \\"world\\") {
  return \`hello \${name}!\`;
}",
            ],
          ],
        },
        "space_id": "f2ae8a7d-484c-4fc5-aca1-187de317cdf1",
        "type": "code",
        "version": 112,
      },
      Object {
        "alive": true,
        "created_by_id": "cdfe101e-2758-4d24-ac9c-b62ab4f7e9c2",
        "created_by_table": "notion_user",
        "created_time": 1651060260000,
        "id": "6454c154-a972-4631-ac71-287da187b4a0",
        "last_edited_by_id": "cdfe101e-2758-4d24-ac9c-b62ab4f7e9c2",
        "last_edited_by_table": "notion_user",
        "last_edited_time": 1651060260000,
        "parent_id": "1cf6f82e-ffc2-4ad4-aea5-a50f88198a7b",
        "parent_table": "block",
        "space_id": "f2ae8a7d-484c-4fc5-aca1-187de317cdf1",
        "type": "text",
        "version": 5,
      },
      Object {
        "alive": true,
        "created_by_id": "cdfe101e-2758-4d24-ac9c-b62ab4f7e9c2",
        "created_by_table": "notion_user",
        "created_time": 1651059420000,
        "id": "bfc02c10-09c3-4473-b3ad-c963cc55c9fb",
        "last_edited_by_id": "cdfe101e-2758-4d24-ac9c-b62ab4f7e9c2",
        "last_edited_by_table": "notion_user",
        "last_edited_time": 1651062600000,
        "parent_id": "1cf6f82e-ffc2-4ad4-aea5-a50f88198a7b",
        "parent_table": "block",
        "space_id": "f2ae8a7d-484c-4fc5-aca1-187de317cdf1",
        "type": "text",
        "version": 32,
      },
      Object {
        "alive": true,
        "created_by_id": "cdfe101e-2758-4d24-ac9c-b62ab4f7e9c2",
        "created_by_table": "notion_user",
        "created_time": 1651061340000,
        "id": "78451387-975d-47c6-9588-3b393c96ac30",
        "last_edited_by_id": "cdfe101e-2758-4d24-ac9c-b62ab4f7e9c2",
        "last_edited_by_table": "notion_user",
        "last_edited_time": 1651062600000,
        "parent_id": "1cf6f82e-ffc2-4ad4-aea5-a50f88198a7b",
        "parent_table": "block",
        "space_id": "f2ae8a7d-484c-4fc5-aca1-187de317cdf1",
        "type": "text",
        "version": 12,
      },
    ],
    "cover": Object {
      "position": 0.2353,
      "url": "https://s3.us-west-2.amazonaws.com/secure.notion-static.com/be4b2294-2834-4cef-a8db-414c477a9218/igor-son-FV_PxCqgtwc-unsplash.jpg?X-Amz-Algorithm=AWS4-HMAC-SHA256&X-Amz-Content-Sha256=UNSIGNED-PAYLOAD&X-Amz-Credential=AKIAT73L2G45EIPT3X45%2F20220507%2Fus-west-2%2Fs3%2Faws4_request&X-Amz-Date=20220507T163103Z&X-Amz-Expires=86400&X-Amz-Signature=b17e119b9761a424b273afaa6c336ee168f8309c5ba6921e229cd1c44c7f130b&X-Amz-SignedHeaders=host&x-id=GetObject",
    },
    "created": 1650250500000,
    "description": undefined,
    "icon": undefined,
    "id": "1cf6f82e-ffc2-4ad4-aea5-a50f88198a7b",
    "taxonomies": Array [],
    "title": "Plants",
    "updated": 1651923180000,
  },
  "pageType": "NOTION_ENTRY",
}
`;

exports[`transform top-level page with the correct type top-level parent page 1`] = `
Object {
  "pageData": Object {
    "childPages": Array [
      Object {
        "cover": Object {
          "position": 0.2353,
          "url": "https://s3-us-west-2.amazonaws.com/secure.notion-static.com/be4b2294-2834-4cef-a8db-414c477a9218/igor-son-FV_PxCqgtwc-unsplash.jpg",
        },
        "created": 1650250500000,
        "description": undefined,
        "icon": undefined,
        "id": "1cf6f82e-ffc2-4ad4-aea5-a50f88198a7b",
        "taxonomies": Array [],
        "title": "Plants",
        "updated": 1651923180000,
      },
      Object {
        "cover": Object {
          "position": 0.6302,
          "url": "https://www.notion.so/image/https%3A%2F%2Fwww.notion.so%2Fimages%2Fpage-cover%2Fnasa_bruce_mccandless_spacewalk.jpg?width=900",
        },
        "created": 1650189589678,
        "description": undefined,
        "icon": undefined,
        "id": "10c7053a-5cb5-4746-9336-09fb4eac55a8",
        "taxonomies": Array [],
        "title": "Just another day",
        "updated": 1651342800000,
      },
      Object {
        "cover": Object {
          "position": 0.5984,
          "url": "https://images.unsplash.com/photo-1520520731457-9283dd14aa66?ixlib=rb-1.2.1&q=85&fm=jpg&crop=entropy&cs=srgb&w=2000",
        },
        "created": 1650189589678,
        "description": undefined,
        "icon": undefined,
        "id": "722c15f1-68f8-4d4e-bd84-f8b90141b45d",
        "taxonomies": Array [],
        "title": "Hawaii Vacation",
        "updated": 1651040640000,
      },
    ],
    "cover": Object {
      "position": 0.5071,
      "url": "https://images.unsplash.com/photo-1637689113621-73951984fcc1?ixlib=rb-1.2.1&q=85&fm=jpg&crop=entropy&cs=srgb&w=2000",
    },
    "description": Array [
      Array [
        "Document your life - daily happenings, special occasions, and reflections on your goals.
Categorize entries with tags and automatically capture the date.

",
      ],
      Array [
        "↓",
        Array [
          Array [
            "b",
          ],
        ],
      ],
      Array [
        " Click ",
      ],
      Array [
        "All Entries",
        Array [
          Array [
            "c",
          ],
        ],
      ],
      Array [
        " to filter entries by a specific category such as ",
      ],
      Array [
        "daily",
        Array [
          Array [
            "b",
          ],
        ],
      ],
      Array [
        " or ",
      ],
      Array [
        "personal",
        Array [
          Array [
            "b",
          ],
        ],
      ],
      Array [
        ".",
      ],
    ],
    "icon": "📓",
    "title": "Journal",
  },
  "pageType": "NOTION_PARENT",
}
`;
